
R version 4.2.2 (2022-10-31) -- "Innocent and Trusting"
Copyright (C) 2022 The R Foundation for Statistical Computing
Platform: aarch64-apple-darwin20 (64-bit)

R is free software and comes with ABSOLUTELY NO WARRANTY.
You are welcome to redistribute it under certain conditions.
Type 'license()' or 'licence()' for distribution details.

  Natural language support but running in an English locale

R is a collaborative project with many contributors.
Type 'contributors()' for more information and
'citation()' on how to cite R or R packages in publications.

Type 'demo()' for some demos, 'help()' for on-line help, or
'help.start()' for an HTML browser interface to help.
Type 'q()' to quit R.

[R.app GUI 1.79 (8160) aarch64-apple-darwin20]

[History restored from /Users/gauthamnair/.Rapp.history]

> emails= read.csv("emails.csv", stringsAsFactors= FALSE)
> str(emails)
'data.frame':	5728 obs. of  2 variables:
 $ text: chr  "Subject: naturally irresistible your corporate identity  lt is really hard to recollect a company : the  market"| __truncated__ "Subject: the stock trading gunslinger  fanny is merrill but muzo not colza attainder and penultimate like esmar"| __truncated__ "Subject: unbelievable new homes made easy  im wanting to show you this  homeowner  you have been pre - approved"| __truncated__ "Subject: 4 color printing special  request additional information now ! click here  click here for a printable "| __truncated__ ...
 $ spam: int  1 1 1 1 1 1 1 1 1 1 ...
> table(emails$spam)

   0    1 
4360 1368 
> max(nchar(emails$text))
[1] 43952
> corpus= Corpus(VectorSource(emails$text))
Error in Corpus(VectorSource(emails$text)) : 
  could not find function "Corpus"
> library(tm)
Loading required package: NLP
> corpus= Corpus(VectorSource(emails$text))
> corpus= tm_map(corpus, tolower)
Warning message:
In tm_map.SimpleCorpus(corpus, tolower) : transformation drops documents
> corpus= tm_map(corpus, removePunctuation)
Warning message:
In tm_map.SimpleCorpus(corpus, removePunctuation) :
  transformation drops documents
> corpus= tm_map(corpus, removeWords, stopWords("english"))
Error in stopWords("english") : could not find function "stopWords"
> corpus= tm_map(corpus, removeWords, stopwords("english"))
Warning message:
In tm_map.SimpleCorpus(corpus, removeWords, stopwords("english")) :
  transformation drops documents
> corpus= tm_map(corpus, stemDocument)
Warning message:
In tm_map.SimpleCorpus(corpus, stemDocument) :
  transformation drops documents
> dtm= DocumentTermMatrix(corpus)
> str(dtm)
List of 6
 $ i       : int [1:481719] 1 1 1 1 1 1 1 1 1 1 ...
 $ j       : int [1:481719] 1 2 3 4 5 6 7 8 9 10 ...
 $ v       : num [1:481719] 1 1 1 1 1 2 1 1 1 2 ...
 $ nrow    : int 5728
 $ ncol    : int 28687
 $ dimnames:List of 2
  ..$ Docs : chr [1:5728] "1" "2" "3" "4" ...
  ..$ Terms: chr [1:28687] "100" "afford" "aim" "amount" ...
 - attr(*, "class")= chr [1:2] "DocumentTermMatrix" "simple_triplet_matrix"
 - attr(*, "weighting")= chr [1:2] "term frequency" "tf"
> spdtm= RemoveSparseTerms(dtm, 0.95)
Error in RemoveSparseTerms(dtm, 0.95) : 
  could not find function "RemoveSparseTerms"
> spdtm= removeSparseTerms(dtm, 0.95)
> spdtm
<<DocumentTermMatrix (documents: 5728, terms: 330)>>
Non-/sparse entries: 213551/1676689
Sparsity           : 89%
Maximal term length: 10
Weighting          : term frequency (tf)
> emailsSparse= as.data.frame(as.matrix(spdtm))
> names(emailsSparse)=make.names(names(emailsSparse))
> emailsSparse$spam= as.factor(emails$spam)
> set.seed(123)
> spl= sample.split(emailsSparse, SplitRation= 0.7)
Error in sample.split(emailsSparse, SplitRation = 0.7) : 
  could not find function "sample.split"
> spl= split.sample(emailsSparse, SplitRation= 0.7)
Error in split.sample(emailsSparse, SplitRation = 0.7) : 
  could not find function "split.sample"
> library(caTools)
> spl= sample.split(emailsSparse, SplitRation= 0.7)
Error in sample.split(emailsSparse, SplitRation = 0.7) : 
  unused argument (SplitRation = 0.7)
> spl= sample.split(emailsSparse, SplitRatio= 0.7)
> train= subset(emailsSparse, spl==TRUE)
> test= subset(emailsSparse, spl==FALSE)
> library(rpart)
> library(rpart.plot)
> spamCART= rpart(spam ~., data= train, method="class")
> set.seed(123)
> spamRF= randomForest(spam ~., data= train)
Error in randomForest(spam ~ ., data = train) : 
  could not find function "randomForest"
> library(randomForest)
randomForest 4.7-1.1
Type rfNews() to see new features/changes/bug fixes.
> set.seed(123)
> spamRF= randomForest(spam ~., data= train)
> predTrainCART = predict(spamCART)[,2]
> predTrainRF = predict(spamRF, type=“prob”)[,2]
Error: unexpected input in "predTrainRF = predict(spamRF, type=“"
> predTrainRF = predict(spamRF, type="prob")[,2]
> table(train$spam, predTrainCART > 0.5)
   
    FALSE TRUE
  0  2900  145
  1    58  894
> table(train$spam, predTrainRF > 0.5)
   
    FALSE TRUE
  0  3004   41
  1    36  916
> prp(spamCART)
> library(ROCR)
> predictionTrainCART = prediction(predTrainCART, train$spam)
> as.numeric(performance(presicitionTrainCart, "auc")@y.values)
Error in performance(presicitionTrainCart, "auc") : 
  object 'presicitionTrainCart' not found
> as.numeric(performance(predicitionTrainCart, "auc")@y.values)
Error in performance(predicitionTrainCart, "auc") : 
  object 'predicitionTrainCart' not found
> as.numeric(performance(predicitionTrainCART, "auc")@y.values)
Error in performance(predicitionTrainCART, "auc") : 
  object 'predicitionTrainCART' not found
> as.numeric(performance(predictionTrainCART, "auc")@y.values)
[1] 0.972696
> predictionTrainRF = prediction(predTrainRF, train$spam)
> 
> as.numeric(performance(predictionTrainRF, “auc”)@y.values)
Error: unexpected input in "as.numeric(performance(predictionTrainRF, “"
> predictionTrainRF = prediction(predTrainRF, train$spam)
> as.numeric(performance(predictionTrainRF, “auc”)@y.values)
Error: unexpected input in "as.numeric(performance(predictionTrainRF, “"
> as.numeric(performance(predictionTrainRF, "auc")@y.values)
[1] 0.9975504
> predictionTrainRF = prediction(predTrainRF, train$spam
+ predictionTrainRF = prediction(predTrainRF, train$spam)
Error: unexpected symbol in:
"predictionTrainRF = prediction(predTrainRF, train$spam
predictionTrainRF"
> predictionTrainRF = prediction(predTrainRF, train$spam)
> as.numeric(performance(predictionTrainRF, "auc")@y.values)
[1] 0.9975504
> predTestCART = predict(spamCART, newdata=test)[,2]
> predTestRF = predict(spamRF, newdata=test, type=“prob”)[,2]
Error: unexpected input in "predTestRF = predict(spamRF, newdata=test, type=“"
> predTestRF = predict(spamRF, newdata=test, type="prob")[,2]
> table(test$spam, predTestCART > 0.5)
   
    FALSE TRUE
  0  1243   72
  1    33  383
> predictionTestCART = prediction(predTestCART, test$spam)
> as.numeric(performance(predictionTestCART, “auc”)@y.values)
Error: unexpected input in "as.numeric(performance(predictionTestCART, “"
> as.numeric(performance(predictionTestCART, "auc")@y.values)
[1] 0.9658572
> table(test$spam, predTestRF > 0.5)
   
    FALSE TRUE
  0  1302   13
  1    25  391
> predictionTestRF = prediction(predTestRF, test$spam)
> as.numeric(performance(predictionTestRF, “auc”)@y.values)
Error: unexpected input in "as.numeric(performance(predictionTestRF, “"
> as.numeric(performance(predictionTestRF, "auc")@y.values)
[1] 0.9981391
> 